Copyright 1986-2014 Xilinx, Inc. All Rights Reserved.
----------------------------------------------------------------------------------------------------------
| Tool Version : Vivado v.2014.2 (win64) Build 932637 Wed Jun 11 13:33:10 MDT 2014
| Date         : Wed Sep 10 10:17:25 2014
| Host         : VRL-PC running 64-bit Service Pack 1  (build 7601)
| Command      : report_control_sets -verbose -file design_gpio_interrupt_wrapper_control_sets_placed.rpt
| Design       : design_gpio_interrupt_wrapper
| Device       : xc7z020
----------------------------------------------------------------------------------------------------------

Control Set Information

Table of Contents
-----------------
1. Summary
2. Flip-Flop Distribution
3. Detailed Control Set Information

1. Summary
----------

+-------------------------------------------------------------------+-------+
|                               Status                              | Count |
+-------------------------------------------------------------------+-------+
| Number of unique control sets                                     |    43 |
| Minimum Number of register sites lost to control set restrictions |   103 |
+-------------------------------------------------------------------+-------+


2. Flip-Flop Distribution
-------------------------

+--------------+-----------------------+------------------------+-----------------+--------------+
| Clock Enable | Synchronous Set/Reset | Asynchronous Set/Reset | Total Registers | Total Slices |
+--------------+-----------------------+------------------------+-----------------+--------------+
| No           | No                    | No                     |             148 |           54 |
| No           | No                    | Yes                    |               0 |            0 |
| No           | Yes                   | No                     |             146 |           47 |
| Yes          | No                    | No                     |             418 |          110 |
| Yes          | No                    | Yes                    |               0 |            0 |
| Yes          | Yes                   | No                     |              73 |           21 |
+--------------+-----------------------+------------------------+-----------------+--------------+


3. Detailed Control Set Information
-----------------------------------

+--------------------------------------------------------------+-------------------------------------------------------------------------------------------------------------------------------------------------------------+--------------------------------------------------------------------------------------------------------------------------------------------------------+------------------+----------------+
|                         Clock Signal                         |                                                                        Enable Signal                                                                        |                                                                    Set/Reset Signal                                                                    | Slice Load Count | Bel Load Count |
+--------------------------------------------------------------+-------------------------------------------------------------------------------------------------------------------------------------------------------------+--------------------------------------------------------------------------------------------------------------------------------------------------------+------------------+----------------+
|  design_gpio_interrupt_i/processing_system7_0/inst/FCLK_CLK0 | design_gpio_interrupt_i/processing_system7_0_axi_periph/s00_couplers/auto_pc/inst/gen_axilite.gen_b2s_conv.axilite_b2s/WR.b_channel_0/bid_fifo_0/sel        |                                                                                                                                                        |                1 |              2 |
|  design_gpio_interrupt_i/processing_system7_0/inst/FCLK_CLK0 |                                                                                                                                                             | design_gpio_interrupt_i/axi_gpio_0/U0/AXI_LITE_IPIF_I/I_SLAVE_ATTACHMENT/p_2_out                                                                       |                1 |              4 |
|  design_gpio_interrupt_i/processing_system7_0/inst/FCLK_CLK0 | design_gpio_interrupt_i/processing_system7_0_axi_periph/s00_couplers/auto_pc/inst/gen_axilite.gen_b2s_conv.axilite_b2s/RD.ar_channel_0/ar_cmd_fsm_0/O11[0]  |                                                                                                                                                        |                1 |              4 |
|  design_gpio_interrupt_i/processing_system7_0/inst/FCLK_CLK0 |                                                                                                                                                             | design_gpio_interrupt_i/axi_gpio_0/U0/gpio_core_1/Read_Reg_Rst                                                                                         |                1 |              4 |
|  design_gpio_interrupt_i/processing_system7_0/inst/FCLK_CLK0 | design_gpio_interrupt_i/axi_gpio_0/U0/AXI_LITE_IPIF_I/I_SLAVE_ATTACHMENT/n_0_s_axi_rdata_i[3]_i_1                                                           | design_gpio_interrupt_i/axi_gpio_0/U0/bus2ip_reset                                                                                                     |                1 |              4 |
|  design_gpio_interrupt_i/processing_system7_0/inst/FCLK_CLK0 |                                                                                                                                                             | design_gpio_interrupt_i/axi_gpio_1/U0/AXI_LITE_IPIF_I/I_SLAVE_ATTACHMENT/p_2_out                                                                       |                1 |              4 |
|  design_gpio_interrupt_i/processing_system7_0/inst/FCLK_CLK0 | design_gpio_interrupt_i/axi_gpio_0/U0/AXI_LITE_IPIF_I/I_SLAVE_ATTACHMENT/I_DECODER/E[0]                                                                     | design_gpio_interrupt_i/axi_gpio_0/U0/bus2ip_reset                                                                                                     |                1 |              4 |
|  design_gpio_interrupt_i/processing_system7_0/inst/FCLK_CLK0 | design_gpio_interrupt_i/processing_system7_0_axi_periph/s00_couplers/auto_pc/inst/gen_axilite.gen_b2s_conv.axilite_b2s/WR.aw_channel_0/aw_cmd_fsm_0/O9[0]   |                                                                                                                                                        |                1 |              4 |
|  design_gpio_interrupt_i/processing_system7_0/inst/FCLK_CLK0 | design_gpio_interrupt_i/processing_system7_0_axi_periph/s00_couplers/auto_pc/inst/gen_axilite.gen_b2s_conv.axilite_b2s/RD.ar_channel_0/ar_cmd_fsm_0/O9      |                                                                                                                                                        |                2 |              4 |
|  design_gpio_interrupt_i/processing_system7_0/inst/FCLK_CLK0 | design_gpio_interrupt_i/processing_system7_0_axi_periph/s00_couplers/auto_pc/inst/gen_axilite.gen_b2s_conv.axilite_b2s/RD.ar_channel_0/ar_cmd_fsm_0/O9      | design_gpio_interrupt_i/processing_system7_0_axi_periph/s00_couplers/auto_pc/inst/gen_axilite.gen_b2s_conv.axilite_b2s/RD.ar_channel_0/ar_cmd_fsm_0/O2 |                1 |              4 |
|  design_gpio_interrupt_i/processing_system7_0/inst/FCLK_CLK0 | design_gpio_interrupt_i/processing_system7_0_axi_periph/s00_couplers/auto_pc/inst/gen_axilite.gen_b2s_conv.axilite_b2s/WR.aw_channel_0/aw_cmd_fsm_0/O11     |                                                                                                                                                        |                1 |              4 |
|  design_gpio_interrupt_i/processing_system7_0/inst/FCLK_CLK0 | design_gpio_interrupt_i/processing_system7_0_axi_periph/s00_couplers/auto_pc/inst/gen_axilite.gen_b2s_conv.axilite_b2s/WR.aw_channel_0/aw_cmd_fsm_0/O11     | design_gpio_interrupt_i/processing_system7_0_axi_periph/s00_couplers/auto_pc/inst/gen_axilite.gen_b2s_conv.axilite_b2s/WR.aw_channel_0/aw_cmd_fsm_0/O2 |                1 |              4 |
|  design_gpio_interrupt_i/processing_system7_0/inst/FCLK_CLK0 | design_gpio_interrupt_i/axi_gpio_0/U0/AXI_LITE_IPIF_I/I_SLAVE_ATTACHMENT/I_DECODER/O4[0]                                                                    | design_gpio_interrupt_i/axi_gpio_0/U0/bus2ip_reset                                                                                                     |                1 |              4 |
|  design_gpio_interrupt_i/processing_system7_0/inst/FCLK_CLK0 |                                                                                                                                                             | design_gpio_interrupt_i/rst_processing_system7_0_50M/U0/EXT_LPF/lpf_int                                                                                |                3 |              5 |
|  design_gpio_interrupt_i/processing_system7_0/inst/FCLK_CLK0 | design_gpio_interrupt_i/rst_processing_system7_0_50M/U0/SEQ/seq_cnt_en                                                                                      | design_gpio_interrupt_i/rst_processing_system7_0_50M/U0/SEQ/SEQ_COUNTER/clear                                                                          |                1 |              6 |
|  design_gpio_interrupt_i/processing_system7_0/inst/FCLK_CLK0 |                                                                                                                                                             | design_gpio_interrupt_i/processing_system7_0_axi_periph/s00_couplers/auto_pc/inst/gen_axilite.gen_b2s_conv.axilite_b2s/SI_REG/r_pipe/SR[0]             |                5 |              8 |
|  design_gpio_interrupt_i/processing_system7_0/inst/FCLK_CLK0 | design_gpio_interrupt_i/processing_system7_0_axi_periph/xbar/inst/gen_sasd.crossbar_sasd_0/reg_slice_r/aa_rready                                            |                                                                                                                                                        |                3 |              8 |
|  design_gpio_interrupt_i/processing_system7_0/inst/FCLK_CLK0 | design_gpio_interrupt_i/processing_system7_0_axi_periph/s00_couplers/auto_pc/inst/gen_axilite.gen_b2s_conv.axilite_b2s/WR.b_channel_0/mhandshake_r          | design_gpio_interrupt_i/processing_system7_0_axi_periph/s00_couplers/auto_pc/inst/gen_axilite.gen_b2s_conv.axilite_b2s/WR.b_channel_0/bid_fifo_0/SR[0] |                2 |              8 |
|  design_gpio_interrupt_i/processing_system7_0/inst/FCLK_CLK0 | design_gpio_interrupt_i/processing_system7_0_axi_periph/xbar/inst/gen_sasd.crossbar_sasd_0/addr_arbiter_inst/E[0]                                           |                                                                                                                                                        |                3 |              8 |
|  design_gpio_interrupt_i/processing_system7_0/inst/FCLK_CLK0 |                                                                                                                                                             | design_gpio_interrupt_i/axi_gpio_0/U0/bus2ip_reset                                                                                                     |                2 |             10 |
|  design_gpio_interrupt_i/processing_system7_0/inst/FCLK_CLK0 |                                                                                                                                                             | design_gpio_interrupt_i/processing_system7_0_axi_periph/xbar/inst/gen_sasd.crossbar_sasd_0/addr_arbiter_inst/SR[0]                                     |                6 |             10 |
|  design_gpio_interrupt_i/processing_system7_0/inst/FCLK_CLK0 | design_gpio_interrupt_i/processing_system7_0_axi_periph/s00_couplers/auto_pc/inst/gen_axilite.gen_b2s_conv.axilite_b2s/RD.ar_channel_0/ar_cmd_fsm_0/O13     |                                                                                                                                                        |                3 |             12 |
|  design_gpio_interrupt_i/processing_system7_0/inst/FCLK_CLK0 | design_gpio_interrupt_i/processing_system7_0_axi_periph/s00_couplers/auto_pc/inst/gen_axilite.gen_b2s_conv.axilite_b2s/RD.ar_channel_0/ar_cmd_fsm_0/E[0]    |                                                                                                                                                        |                6 |             12 |
|  design_gpio_interrupt_i/processing_system7_0/inst/FCLK_CLK0 | design_gpio_interrupt_i/processing_system7_0_axi_periph/s00_couplers/auto_pc/inst/gen_axilite.gen_b2s_conv.axilite_b2s/WR.aw_channel_0/aw_cmd_fsm_0/O12     |                                                                                                                                                        |                3 |             12 |
|  design_gpio_interrupt_i/processing_system7_0/inst/FCLK_CLK0 | design_gpio_interrupt_i/processing_system7_0_axi_periph/s00_couplers/auto_pc/inst/gen_axilite.gen_b2s_conv.axilite_b2s/RD.ar_channel_0/ar_cmd_fsm_0/O10[0]  |                                                                                                                                                        |                5 |             12 |
|  design_gpio_interrupt_i/processing_system7_0/inst/FCLK_CLK0 | design_gpio_interrupt_i/processing_system7_0_axi_periph/s00_couplers/auto_pc/inst/gen_axilite.gen_b2s_conv.axilite_b2s/WR.aw_channel_0/aw_cmd_fsm_0/O10[0]  |                                                                                                                                                        |                4 |             12 |
|  design_gpio_interrupt_i/processing_system7_0/inst/FCLK_CLK0 | design_gpio_interrupt_i/processing_system7_0_axi_periph/s00_couplers/auto_pc/inst/gen_axilite.gen_b2s_conv.axilite_b2s/WR.aw_channel_0/aw_cmd_fsm_0/E[0]    |                                                                                                                                                        |                4 |             12 |
|  design_gpio_interrupt_i/processing_system7_0/inst/FCLK_CLK0 | design_gpio_interrupt_i/processing_system7_0_axi_periph/s00_couplers/auto_pc/inst/gen_axilite.gen_b2s_conv.axilite_b2s/RD.r_channel_0/r_push_r              |                                                                                                                                                        |                4 |             13 |
|  design_gpio_interrupt_i/processing_system7_0/inst/FCLK_CLK0 | design_gpio_interrupt_i/processing_system7_0_axi_periph/s00_couplers/auto_pc/inst/gen_axilite.gen_b2s_conv.axilite_b2s/SI_REG/b_pipe/O2                     |                                                                                                                                                        |                2 |             14 |
|  design_gpio_interrupt_i/processing_system7_0/inst/FCLK_CLK0 | design_gpio_interrupt_i/processing_system7_0_axi_periph/s00_couplers/auto_pc/inst/gen_axilite.gen_b2s_conv.axilite_b2s/SI_REG/b_pipe/p_1_in                 |                                                                                                                                                        |                2 |             14 |
|  design_gpio_interrupt_i/processing_system7_0/inst/FCLK_CLK0 | design_gpio_interrupt_i/axi_gpio_1/U0/AXI_LITE_IPIF_I/I_SLAVE_ATTACHMENT/I_DECODER/start                                                                    | design_gpio_interrupt_i/axi_gpio_1/U0/AXI_LITE_IPIF_I/I_SLAVE_ATTACHMENT/I_DECODER/cs_ce_clr                                                           |                3 |             16 |
|  design_gpio_interrupt_i/processing_system7_0/inst/FCLK_CLK0 | design_gpio_interrupt_i/processing_system7_0_axi_periph/s00_couplers/auto_pc/inst/gen_axilite.gen_b2s_conv.axilite_b2s/WR.aw_channel_0/aw_cmd_fsm_0/O3      |                                                                                                                                                        |                3 |             20 |
|  design_gpio_interrupt_i/processing_system7_0/inst/FCLK_CLK0 | design_gpio_interrupt_i/processing_system7_0_axi_periph/xbar/inst/gen_sasd.crossbar_sasd_0/addr_arbiter_inst/p_0_in1_in                                     | design_gpio_interrupt_i/processing_system7_0_axi_periph/xbar/inst/gen_sasd.crossbar_sasd_0/addr_arbiter_inst/SR[0]                                     |               10 |             23 |
|  design_gpio_interrupt_i/processing_system7_0/inst/FCLK_CLK0 |                                                                                                                                                             | design_gpio_interrupt_i/axi_gpio_1/U0/bus2ip_reset                                                                                                     |               10 |             31 |
|  design_gpio_interrupt_i/processing_system7_0/inst/FCLK_CLK0 | design_gpio_interrupt_i/processing_system7_0_axi_periph/s00_couplers/auto_pc/inst/gen_axilite.gen_b2s_conv.axilite_b2s/RD.r_channel_0/rd_data_fifo_0/wr_en0 |                                                                                                                                                        |                9 |             34 |
|  design_gpio_interrupt_i/processing_system7_0/inst/FCLK_CLK0 | design_gpio_interrupt_i/processing_system7_0_axi_periph/s00_couplers/auto_pc/inst/gen_axilite.gen_b2s_conv.axilite_b2s/SI_REG/r_pipe/O2                     |                                                                                                                                                        |                8 |             47 |
|  design_gpio_interrupt_i/processing_system7_0/inst/FCLK_CLK0 | design_gpio_interrupt_i/processing_system7_0_axi_periph/s00_couplers/auto_pc/inst/gen_axilite.gen_b2s_conv.axilite_b2s/SI_REG/r_pipe/p_1_in                 |                                                                                                                                                        |                7 |             47 |
|  design_gpio_interrupt_i/processing_system7_0/inst/FCLK_CLK0 | design_gpio_interrupt_i/processing_system7_0_axi_periph/s00_couplers/auto_pc/inst/gen_axilite.gen_b2s_conv.axilite_b2s/SI_REG/ar_pipe/O2                    |                                                                                                                                                        |               14 |             48 |
|  design_gpio_interrupt_i/processing_system7_0/inst/FCLK_CLK0 | design_gpio_interrupt_i/processing_system7_0_axi_periph/s00_couplers/auto_pc/inst/gen_axilite.gen_b2s_conv.axilite_b2s/SI_REG/aw_pipe/O2                    |                                                                                                                                                        |               14 |             48 |
|  design_gpio_interrupt_i/processing_system7_0/inst/FCLK_CLK0 | design_gpio_interrupt_i/processing_system7_0_axi_periph/s00_couplers/auto_pc/inst/gen_axilite.gen_b2s_conv.axilite_b2s/RD.ar_channel_0/ar_cmd_fsm_0/O14[0]  |                                                                                                                                                        |               13 |             48 |
|  design_gpio_interrupt_i/processing_system7_0/inst/FCLK_CLK0 | design_gpio_interrupt_i/processing_system7_0_axi_periph/s00_couplers/auto_pc/inst/gen_axilite.gen_b2s_conv.axilite_b2s/WR.aw_channel_0/aw_cmd_fsm_0/O13[0]  |                                                                                                                                                        |               14 |             48 |
|  design_gpio_interrupt_i/processing_system7_0/inst/FCLK_CLK0 |                                                                                                                                                             | design_gpio_interrupt_i/processing_system7_0_axi_periph/s00_couplers/auto_pc/inst/gen_axilite.gen_b2s_conv.axilite_b2s/areset_d1                       |               18 |             70 |
|  design_gpio_interrupt_i/processing_system7_0/inst/FCLK_CLK0 |                                                                                                                                                             |                                                                                                                                                        |               55 |            149 |
+--------------------------------------------------------------+-------------------------------------------------------------------------------------------------------------------------------------------------------------+--------------------------------------------------------------------------------------------------------------------------------------------------------+------------------+----------------+


